Archive member included to satisfy reference by file (symbol)

../libs/libmisc/liblibmisc.a(delay.cpp.o)
                              CMakeFiles/app.dir/src/main.cpp.o (mdelay(unsigned long))
../libs/libdrivers/liblibdrivers.a(gpio.cpp.o)
                              CMakeFiles/app.dir/src/main.cpp.o (Gpio::set_pin(unsigned char, bool) const)
../libs/libdrivers/liblibdrivers.a(uart.cpp.o)
                              CMakeFiles/app.dir/src/main.cpp.o (Uart::write(char const*) const)
../libs/libdrivers/liblibdrivers.a(common.cpp.o)
                              ../libs/libdrivers/liblibdrivers.a(gpio.cpp.o) (get_reg_bits(unsigned long volatile*, unsigned long, unsigned char, unsigned long))
/opt/riscv/bin/../lib/gcc/riscv32-unknown-elf/10.0.0/libgcc.a(muldi3.o)
                              ../libs/libmisc/liblibmisc.a(delay.cpp.o) (__mulsi3)

Memory Configuration

Name             Origin             Length             Attributes
code_ram         0x0000000000010000 0x0000000000004000
data_ram         0x0000000040000000 0x0000000000004000
*default*        0x0000000000000000 0xffffffffffffffff

Linker script and memory map

LOAD CMakeFiles/app.dir/crt0.S.o
LOAD CMakeFiles/app.dir/src/main.cpp.o
LOAD ../libs/libmisc/liblibmisc.a
LOAD ../libs/libdrivers/liblibdrivers.a
                0x0000000040004000                _stack_start = (ORIGIN (data_ram) + LENGTH (data_ram))
START GROUP
LOAD /opt/riscv/bin/../lib/gcc/riscv32-unknown-elf/10.0.0/../../../../riscv32-unknown-elf/lib/libc.a
LOAD /opt/riscv/bin/../lib/gcc/riscv32-unknown-elf/10.0.0/../../../../riscv32-unknown-elf/lib/libgloss.a
LOAD /opt/riscv/bin/../lib/gcc/riscv32-unknown-elf/10.0.0/libgcc.a
LOAD /opt/riscv/bin/../lib/gcc/riscv32-unknown-elf/10.0.0/../../../../riscv32-unknown-elf/lib/libsupc++.a
END GROUP

.vectors        0x0000000000010000        0x0
                0x0000000000010000                . = ORIGIN (code_ram)
 *(.vectors)

.text           0x0000000000010000      0x788
                0x0000000000010000                . = ALIGN (0x4)
                0x0000000000010000                _stext = .
 *(.text)
 .text          0x0000000000010000      0x104 CMakeFiles/app.dir/crt0.S.o
 .text          0x0000000000010104      0x160 CMakeFiles/app.dir/src/main.cpp.o
                0x0000000000010104                send_morse(unsigned char, char*)
                0x00000000000101f4                get_levels(char*, char*)
 .text          0x0000000000010264       0x4c ../libs/libmisc/liblibmisc.a(delay.cpp.o)
                0x0000000000010284                mdelay(unsigned long)
                0x00000000000102a4                udelay(unsigned long)
 .text          0x00000000000102b0       0x78 ../libs/libdrivers/liblibdrivers.a(gpio.cpp.o)
                0x00000000000102b0                Gpio::Gpio(unsigned long)
                0x00000000000102b8                Gpio::set_odr(unsigned long) const
                0x00000000000102c4                Gpio::get_idr() const
                0x00000000000102d0                Gpio::set_pin(unsigned char, bool) const
                0x00000000000102e8                Gpio::get_pin(unsigned char) const
                0x0000000000010314                Gpio::toggle_pin(unsigned char) const
 .text          0x0000000000010328      0x240 ../libs/libdrivers/liblibdrivers.a(uart.cpp.o)
                0x0000000000010328                Uart::Uart(unsigned long)
                0x0000000000010378                Uart::is_receiver_ready() const
                0x00000000000103a4                Uart::get_rdata() const
                0x00000000000103d0                Uart::read() const
                0x0000000000010400                Uart::read(char*, int) const
                0x00000000000104a8                Uart::is_transmitter_busy() const
                0x00000000000104d4                Uart::set_wdata(unsigned char) const
                0x00000000000104ec                Uart::write(unsigned char) const
                0x0000000000010524                Uart::write(char const*) const
 .text          0x0000000000010568       0x60 ../libs/libdrivers/liblibdrivers.a(common.cpp.o)
                0x0000000000010568                get_reg_bits(unsigned long volatile*, unsigned long, unsigned char, unsigned long)
                0x0000000000010580                set_reg_bits(unsigned long volatile*, unsigned long, unsigned char, unsigned long, unsigned long)
                0x00000000000105ac                toggle_reg_bits(unsigned long volatile*, unsigned long, unsigned char, unsigned long)
 .text          0x00000000000105c8       0x24 /opt/riscv/bin/../lib/gcc/riscv32-unknown-elf/10.0.0/libgcc.a(muldi3.o)
                0x00000000000105c8                __mulsi3
 *(.text.*)
 .text.startup  0x00000000000105ec      0x16c CMakeFiles/app.dir/src/main.cpp.o
                0x00000000000105ec                main
 .text.startup  0x0000000000010758       0x10 ../libs/libdrivers/liblibdrivers.a(gpio.cpp.o)
 .text.startup  0x0000000000010768       0x10 ../libs/libdrivers/liblibdrivers.a(uart.cpp.o)
                0x0000000000010778                _etext = .
                0x0000000000010778                __CTOR_LIST__ = .
                0x0000000000010778        0x4 LONG 0x0 (((__CTOR_END__ - __CTOR_LIST__) / 0x4) - 0x2)
 *(.ctors)
                0x000000000001077c        0x4 LONG 0x0
                0x0000000000010780                __CTOR_END__ = .
                0x0000000000010780                __DTOR_LIST__ = .
                0x0000000000010780        0x4 LONG 0x0 (((__DTOR_END__ - __DTOR_LIST__) / 0x4) - 0x2)
 *(.dtors)
                0x0000000000010784        0x4 LONG 0x0
                0x0000000000010788                __DTOR_END__ = .
 *(.lit)
 *(.shdata)
                0x0000000000010788                . = ALIGN (0x4)
                0x0000000000010788                _endtext = .

.init_array     0x0000000000010788        0x8
                0x0000000000010788                . = ALIGN (0x4)
                0x0000000000010788                _init_array_start = .
 *(.init_array*)
 .init_array    0x0000000000010788        0x4 ../libs/libdrivers/liblibdrivers.a(gpio.cpp.o)
 .init_array    0x000000000001078c        0x4 ../libs/libdrivers/liblibdrivers.a(uart.cpp.o)
                0x0000000000010790                . = ALIGN (0x4)
                0x0000000000010790                _init_array_end = .

.rodata         0x0000000000010790       0x1c
                0x0000000000010790                . = ALIGN (0x4)
 *(.rodata)
 *(.rodata.*)
 .rodata.str1.4
                0x0000000000010790       0x1b CMakeFiles/app.dir/src/main.cpp.o
                0x00000000000107ac                . = ALIGN (0x4)
 *fill*         0x00000000000107ab        0x1 
                0x00000000000107ac                _sidata = LOADADDR (.data)

.rela.dyn       0x00000000000107ac        0x0
 .rela.text     0x00000000000107ac        0x0 CMakeFiles/app.dir/crt0.S.o

.data           0x0000000040000000       0x30 load address 0x00000000000107ac
                0x0000000040000000                . = ALIGN (0x4)
                0x0000000040000000                sdata = .
                0x0000000040000000                _sdata = .
 *(.data)
 .data          0x0000000040000000        0x0 CMakeFiles/app.dir/crt0.S.o
 .data          0x0000000040000000       0x30 CMakeFiles/app.dir/src/main.cpp.o
                0x0000000040000000                sos
                0x000000004000000c                name
                0x0000000040000018                surname
 .data          0x0000000040000030        0x0 ../libs/libmisc/liblibmisc.a(delay.cpp.o)
 .data          0x0000000040000030        0x0 ../libs/libdrivers/liblibdrivers.a(gpio.cpp.o)
 .data          0x0000000040000030        0x0 ../libs/libdrivers/liblibdrivers.a(uart.cpp.o)
 .data          0x0000000040000030        0x0 ../libs/libdrivers/liblibdrivers.a(common.cpp.o)
 .data          0x0000000040000030        0x0 /opt/riscv/bin/../lib/gcc/riscv32-unknown-elf/10.0.0/libgcc.a(muldi3.o)
 *(.data.*)
 *(.sdata)
 *(.sdata.*)
                0x0000000040000030                . = ALIGN (0x4)
                0x0000000040000030                edata = .
                0x0000000040000030                _edata = .

.shbss          0x0000000040000030        0x0 load address 0x00000000000107dc
                0x0000000040000030                . = ALIGN (0x4)
 *(.shbss)
                0x0000000040000030                . = ALIGN (0x4)

.bss            0x0000000040000030       0x88 load address 0x00000000000107dc
                0x0000000040000030                . = ALIGN (0x4)
                0x0000000040000030                _bss_start = .
 *(.bss)
 .bss           0x0000000040000030        0x0 CMakeFiles/app.dir/crt0.S.o
 .bss           0x0000000040000030       0x80 CMakeFiles/app.dir/src/main.cpp.o
                0x0000000040000030                sos_lvl
                0x0000000040000050                name_lvl
                0x0000000040000070                surname_lvl
 .bss           0x00000000400000b0        0x0 ../libs/libmisc/liblibmisc.a(delay.cpp.o)
 .bss           0x00000000400000b0        0x0 ../libs/libdrivers/liblibdrivers.a(gpio.cpp.o)
 .bss           0x00000000400000b0        0x0 ../libs/libdrivers/liblibdrivers.a(uart.cpp.o)
 .bss           0x00000000400000b0        0x0 ../libs/libdrivers/liblibdrivers.a(common.cpp.o)
 .bss           0x00000000400000b0        0x0 /opt/riscv/bin/../lib/gcc/riscv32-unknown-elf/10.0.0/libgcc.a(muldi3.o)
 *(.bss.*)
 *(.sbss)
 .sbss          0x00000000400000b0        0x4 ../libs/libdrivers/liblibdrivers.a(gpio.cpp.o)
                0x00000000400000b0                gpio
 .sbss          0x00000000400000b4        0x4 ../libs/libdrivers/liblibdrivers.a(uart.cpp.o)
                0x00000000400000b4                uart
 *(.sbss.*)
 *(COMMON)
                0x00000000400000b8                . = ALIGN (0x4)
                0x00000000400000b8                _bss_end = .

.stab
 *(.stab)

.stabstr
 *(.stabstr)
OUTPUT(app elf32-littleriscv)

.riscv.attributes
                0x0000000000000000       0x26
 .riscv.attributes
                0x0000000000000000       0x24 CMakeFiles/app.dir/crt0.S.o
 .riscv.attributes
                0x0000000000000024       0x1c CMakeFiles/app.dir/src/main.cpp.o
 .riscv.attributes
                0x0000000000000040       0x1c ../libs/libmisc/liblibmisc.a(delay.cpp.o)
 .riscv.attributes
                0x000000000000005c       0x1c ../libs/libdrivers/liblibdrivers.a(gpio.cpp.o)
 .riscv.attributes
                0x0000000000000078       0x1c ../libs/libdrivers/liblibdrivers.a(uart.cpp.o)
 .riscv.attributes
                0x0000000000000094       0x1c ../libs/libdrivers/liblibdrivers.a(common.cpp.o)
 .riscv.attributes
                0x00000000000000b0       0x24 /opt/riscv/bin/../lib/gcc/riscv32-unknown-elf/10.0.0/libgcc.a(muldi3.o)

.comment        0x0000000000000000       0x2a
 .comment       0x0000000000000000       0x2a CMakeFiles/app.dir/src/main.cpp.o
                                         0x2b (size before relaxing)
 .comment       0x000000000000002a       0x2b ../libs/libmisc/liblibmisc.a(delay.cpp.o)
 .comment       0x000000000000002a       0x2b ../libs/libdrivers/liblibdrivers.a(gpio.cpp.o)
 .comment       0x000000000000002a       0x2b ../libs/libdrivers/liblibdrivers.a(uart.cpp.o)
 .comment       0x000000000000002a       0x2b ../libs/libdrivers/liblibdrivers.a(common.cpp.o)

.debug_line     0x0000000000000000       0x92
 .debug_line    0x0000000000000000       0x92 /opt/riscv/bin/../lib/gcc/riscv32-unknown-elf/10.0.0/libgcc.a(muldi3.o)

.debug_info     0x0000000000000000       0x26
 .debug_info    0x0000000000000000       0x26 /opt/riscv/bin/../lib/gcc/riscv32-unknown-elf/10.0.0/libgcc.a(muldi3.o)

.debug_abbrev   0x0000000000000000       0x14
 .debug_abbrev  0x0000000000000000       0x14 /opt/riscv/bin/../lib/gcc/riscv32-unknown-elf/10.0.0/libgcc.a(muldi3.o)

.debug_aranges  0x0000000000000000       0x20
 .debug_aranges
                0x0000000000000000       0x20 /opt/riscv/bin/../lib/gcc/riscv32-unknown-elf/10.0.0/libgcc.a(muldi3.o)

.debug_str      0x0000000000000000       0x8e
 .debug_str     0x0000000000000000       0x8e /opt/riscv/bin/../lib/gcc/riscv32-unknown-elf/10.0.0/libgcc.a(muldi3.o)
