Archive member included to satisfy reference by file (symbol)

../libs/libmisc/liblibmisc.a(delay.cpp.o)
                              CMakeFiles/app.dir/src/main.cpp.o (mdelay(unsigned long))
../libs/libdrivers/liblibdrivers.a(gpio.cpp.o)
                              CMakeFiles/app.dir/src/main.cpp.o (Gpio::set_pin(unsigned char, bool) const)
../libs/libdrivers/liblibdrivers.a(uart.cpp.o)
                              CMakeFiles/app.dir/src/main.cpp.o (Uart::write(char const*) const)
../libs/libdrivers/liblibdrivers.a(common.cpp.o)
                              ../libs/libdrivers/liblibdrivers.a(gpio.cpp.o) (get_reg_bits(unsigned long volatile*, unsigned long, unsigned char, unsigned long))
/opt/riscv/bin/../lib/gcc/riscv32-unknown-elf/10.0.0/libgcc.a(muldi3.o)
                              ../libs/libmisc/liblibmisc.a(delay.cpp.o) (__mulsi3)

Memory Configuration

Name             Origin             Length             Attributes
code_ram         0x0000000000010000 0x0000000000004000
data_ram         0x0000000040000000 0x0000000000004000
*default*        0x0000000000000000 0xffffffffffffffff

Linker script and memory map

LOAD CMakeFiles/app.dir/crt0.S.o
LOAD CMakeFiles/app.dir/src/main.cpp.o
LOAD ../libs/libmisc/liblibmisc.a
LOAD ../libs/libdrivers/liblibdrivers.a
                0x0000000040004000                _stack_start = (ORIGIN (data_ram) + LENGTH (data_ram))
START GROUP
LOAD /opt/riscv/bin/../lib/gcc/riscv32-unknown-elf/10.0.0/../../../../riscv32-unknown-elf/lib/libc.a
LOAD /opt/riscv/bin/../lib/gcc/riscv32-unknown-elf/10.0.0/../../../../riscv32-unknown-elf/lib/libgloss.a
LOAD /opt/riscv/bin/../lib/gcc/riscv32-unknown-elf/10.0.0/libgcc.a
LOAD /opt/riscv/bin/../lib/gcc/riscv32-unknown-elf/10.0.0/../../../../riscv32-unknown-elf/lib/libsupc++.a
END GROUP

.vectors        0x0000000000010000        0x0
                0x0000000000010000                . = ORIGIN (code_ram)
 *(.vectors)

.text           0x0000000000010000      0x6bc
                0x0000000000010000                . = ALIGN (0x4)
                0x0000000000010000                _stext = .
 *(.text)
 .text          0x0000000000010000      0x104 CMakeFiles/app.dir/crt0.S.o
 .text          0x0000000000010104       0x70 CMakeFiles/app.dir/src/main.cpp.o
                0x0000000000010104                get_levels(char*, char*)
 .text          0x0000000000010174       0x4c ../libs/libmisc/liblibmisc.a(delay.cpp.o)
                0x0000000000010194                mdelay(unsigned long)
                0x00000000000101b4                udelay(unsigned long)
 .text          0x00000000000101c0       0x78 ../libs/libdrivers/liblibdrivers.a(gpio.cpp.o)
                0x00000000000101c0                Gpio::Gpio(unsigned long)
                0x00000000000101c8                Gpio::set_odr(unsigned long) const
                0x00000000000101d4                Gpio::get_idr() const
                0x00000000000101e0                Gpio::set_pin(unsigned char, bool) const
                0x00000000000101f8                Gpio::get_pin(unsigned char) const
                0x0000000000010224                Gpio::toggle_pin(unsigned char) const
 .text          0x0000000000010238      0x240 ../libs/libdrivers/liblibdrivers.a(uart.cpp.o)
                0x0000000000010238                Uart::Uart(unsigned long)
                0x0000000000010288                Uart::is_receiver_ready() const
                0x00000000000102b4                Uart::get_rdata() const
                0x00000000000102e0                Uart::read() const
                0x0000000000010310                Uart::read(char*, int) const
                0x00000000000103b8                Uart::is_transmitter_busy() const
                0x00000000000103e4                Uart::set_wdata(unsigned char) const
                0x00000000000103fc                Uart::write(unsigned char) const
                0x0000000000010434                Uart::write(char const*) const
 .text          0x0000000000010478       0x60 ../libs/libdrivers/liblibdrivers.a(common.cpp.o)
                0x0000000000010478                get_reg_bits(unsigned long volatile*, unsigned long, unsigned char, unsigned long)
                0x0000000000010490                set_reg_bits(unsigned long volatile*, unsigned long, unsigned char, unsigned long, unsigned long)
                0x00000000000104bc                toggle_reg_bits(unsigned long volatile*, unsigned long, unsigned char, unsigned long)
 .text          0x00000000000104d8       0x24 /opt/riscv/bin/../lib/gcc/riscv32-unknown-elf/10.0.0/libgcc.a(muldi3.o)
                0x00000000000104d8                __mulsi3
 *(.text.*)
 .text.startup  0x00000000000104fc      0x190 CMakeFiles/app.dir/src/main.cpp.o
                0x00000000000104fc                main
 .text.startup  0x000000000001068c       0x10 ../libs/libdrivers/liblibdrivers.a(gpio.cpp.o)
 .text.startup  0x000000000001069c       0x10 ../libs/libdrivers/liblibdrivers.a(uart.cpp.o)
                0x00000000000106ac                _etext = .
                0x00000000000106ac                __CTOR_LIST__ = .
                0x00000000000106ac        0x4 LONG 0x0 (((__CTOR_END__ - __CTOR_LIST__) / 0x4) - 0x2)
 *(.ctors)
                0x00000000000106b0        0x4 LONG 0x0
                0x00000000000106b4                __CTOR_END__ = .
                0x00000000000106b4                __DTOR_LIST__ = .
                0x00000000000106b4        0x4 LONG 0x0 (((__DTOR_END__ - __DTOR_LIST__) / 0x4) - 0x2)
 *(.dtors)
                0x00000000000106b8        0x4 LONG 0x0
                0x00000000000106bc                __DTOR_END__ = .
 *(.lit)
 *(.shdata)
                0x00000000000106bc                . = ALIGN (0x4)
                0x00000000000106bc                _endtext = .

.init_array     0x00000000000106bc        0x8
                0x00000000000106bc                . = ALIGN (0x4)
                0x00000000000106bc                _init_array_start = .
 *(.init_array*)
 .init_array    0x00000000000106bc        0x4 ../libs/libdrivers/liblibdrivers.a(gpio.cpp.o)
 .init_array    0x00000000000106c0        0x4 ../libs/libdrivers/liblibdrivers.a(uart.cpp.o)
                0x00000000000106c4                . = ALIGN (0x4)
                0x00000000000106c4                _init_array_end = .

.rodata         0x00000000000106c4       0x1c
                0x00000000000106c4                . = ALIGN (0x4)
 *(.rodata)
 *(.rodata.*)
 .rodata.str1.4
                0x00000000000106c4       0x1b CMakeFiles/app.dir/src/main.cpp.o
                0x00000000000106e0                . = ALIGN (0x4)
 *fill*         0x00000000000106df        0x1 
                0x00000000000106e0                _sidata = LOADADDR (.data)

.rela.dyn       0x00000000000106e0        0x0
 .rela.text     0x00000000000106e0        0x0 CMakeFiles/app.dir/crt0.S.o

.data           0x0000000040000000       0x30 load address 0x00000000000106e0
                0x0000000040000000                . = ALIGN (0x4)
                0x0000000040000000                sdata = .
                0x0000000040000000                _sdata = .
 *(.data)
 .data          0x0000000040000000        0x0 CMakeFiles/app.dir/crt0.S.o
 .data          0x0000000040000000       0x30 CMakeFiles/app.dir/src/main.cpp.o
                0x0000000040000000                sos
                0x000000004000000c                name
                0x0000000040000018                surname
 .data          0x0000000040000030        0x0 ../libs/libmisc/liblibmisc.a(delay.cpp.o)
 .data          0x0000000040000030        0x0 ../libs/libdrivers/liblibdrivers.a(gpio.cpp.o)
 .data          0x0000000040000030        0x0 ../libs/libdrivers/liblibdrivers.a(uart.cpp.o)
 .data          0x0000000040000030        0x0 ../libs/libdrivers/liblibdrivers.a(common.cpp.o)
 .data          0x0000000040000030        0x0 /opt/riscv/bin/../lib/gcc/riscv32-unknown-elf/10.0.0/libgcc.a(muldi3.o)
 *(.data.*)
 *(.sdata)
 *(.sdata.*)
                0x0000000040000030                . = ALIGN (0x4)
                0x0000000040000030                edata = .
                0x0000000040000030                _edata = .

.shbss          0x0000000040000030        0x0 load address 0x0000000000010710
                0x0000000040000030                . = ALIGN (0x4)
 *(.shbss)
                0x0000000040000030                . = ALIGN (0x4)

.bss            0x0000000040000030       0x88 load address 0x0000000000010710
                0x0000000040000030                . = ALIGN (0x4)
                0x0000000040000030                _bss_start = .
 *(.bss)
 .bss           0x0000000040000030        0x0 CMakeFiles/app.dir/crt0.S.o
 .bss           0x0000000040000030       0x80 CMakeFiles/app.dir/src/main.cpp.o
                0x0000000040000030                sos_lvl
                0x0000000040000050                name_lvl
                0x0000000040000070                surname_lvl
 .bss           0x00000000400000b0        0x0 ../libs/libmisc/liblibmisc.a(delay.cpp.o)
 .bss           0x00000000400000b0        0x0 ../libs/libdrivers/liblibdrivers.a(gpio.cpp.o)
 .bss           0x00000000400000b0        0x0 ../libs/libdrivers/liblibdrivers.a(uart.cpp.o)
 .bss           0x00000000400000b0        0x0 ../libs/libdrivers/liblibdrivers.a(common.cpp.o)
 .bss           0x00000000400000b0        0x0 /opt/riscv/bin/../lib/gcc/riscv32-unknown-elf/10.0.0/libgcc.a(muldi3.o)
 *(.bss.*)
 *(.sbss)
 .sbss          0x00000000400000b0        0x4 ../libs/libdrivers/liblibdrivers.a(gpio.cpp.o)
                0x00000000400000b0                gpio
 .sbss          0x00000000400000b4        0x4 ../libs/libdrivers/liblibdrivers.a(uart.cpp.o)
                0x00000000400000b4                uart
 *(.sbss.*)
 *(COMMON)
                0x00000000400000b8                . = ALIGN (0x4)
                0x00000000400000b8                _bss_end = .

.stab
 *(.stab)

.stabstr
 *(.stabstr)
OUTPUT(app elf32-littleriscv)

.riscv.attributes
                0x0000000000000000       0x26
 .riscv.attributes
                0x0000000000000000       0x24 CMakeFiles/app.dir/crt0.S.o
 .riscv.attributes
                0x0000000000000024       0x1c CMakeFiles/app.dir/src/main.cpp.o
 .riscv.attributes
                0x0000000000000040       0x1c ../libs/libmisc/liblibmisc.a(delay.cpp.o)
 .riscv.attributes
                0x000000000000005c       0x1c ../libs/libdrivers/liblibdrivers.a(gpio.cpp.o)
 .riscv.attributes
                0x0000000000000078       0x1c ../libs/libdrivers/liblibdrivers.a(uart.cpp.o)
 .riscv.attributes
                0x0000000000000094       0x1c ../libs/libdrivers/liblibdrivers.a(common.cpp.o)
 .riscv.attributes
                0x00000000000000b0       0x24 /opt/riscv/bin/../lib/gcc/riscv32-unknown-elf/10.0.0/libgcc.a(muldi3.o)

.comment        0x0000000000000000       0x2a
 .comment       0x0000000000000000       0x2a CMakeFiles/app.dir/src/main.cpp.o
                                         0x2b (size before relaxing)
 .comment       0x000000000000002a       0x2b ../libs/libmisc/liblibmisc.a(delay.cpp.o)
 .comment       0x000000000000002a       0x2b ../libs/libdrivers/liblibdrivers.a(gpio.cpp.o)
 .comment       0x000000000000002a       0x2b ../libs/libdrivers/liblibdrivers.a(uart.cpp.o)
 .comment       0x000000000000002a       0x2b ../libs/libdrivers/liblibdrivers.a(common.cpp.o)

.debug_line     0x0000000000000000       0x92
 .debug_line    0x0000000000000000       0x92 /opt/riscv/bin/../lib/gcc/riscv32-unknown-elf/10.0.0/libgcc.a(muldi3.o)

.debug_info     0x0000000000000000       0x26
 .debug_info    0x0000000000000000       0x26 /opt/riscv/bin/../lib/gcc/riscv32-unknown-elf/10.0.0/libgcc.a(muldi3.o)

.debug_abbrev   0x0000000000000000       0x14
 .debug_abbrev  0x0000000000000000       0x14 /opt/riscv/bin/../lib/gcc/riscv32-unknown-elf/10.0.0/libgcc.a(muldi3.o)

.debug_aranges  0x0000000000000000       0x20
 .debug_aranges
                0x0000000000000000       0x20 /opt/riscv/bin/../lib/gcc/riscv32-unknown-elf/10.0.0/libgcc.a(muldi3.o)

.debug_str      0x0000000000000000       0x8e
 .debug_str     0x0000000000000000       0x8e /opt/riscv/bin/../lib/gcc/riscv32-unknown-elf/10.0.0/libgcc.a(muldi3.o)
